dinsul@Dinsul-MacBookAir:~/projects/otus_linux-hw_01$ vagrant ssh
[vagrant@localhost ~]$ ls
[vagrant@localhost ~]$ uname 
Linux
[vagrant@localhost ~]$ uname -r
4.18.0-277.el8.x86_64
[vagrant@localhost ~]$ sudo yum install -y https://www.elrepo.org/elrepo-release-8.el8.elrepo.noarch.rpm 
Failed to set locale, defaulting to C.UTF-8
CentOS Stream 8 - AppStream                                                                      6.8 MB/s |  27 MB     00:03    
CentOS Stream 8 - BaseOS                                                                         3.9 MB/s |  26 MB     00:06    
CentOS Stream 8 - Extras                                                                          45 kB/s |  18 kB     00:00    
Last metadata expiration check: 0:00:01 ago on Fri Jan 13 13:54:33 2023.
elrepo-release-8.el8.elrepo.noarch.rpm                                                           8.4 kB/s |  13 kB     00:01    
Dependencies resolved.
=================================================================================================================================
 Package                         Architecture            Version                             Repository                     Size
=================================================================================================================================
Installing:
 elrepo-release                  noarch                  8.3-1.el8.elrepo                    @commandline                   13 k

Transaction Summary
=================================================================================================================================
Install  1 Package

Total size: 13 k
Installed size: 5.0 k
Downloading Packages:
Running transaction check
Transaction check succeeded.
Running transaction test
Transaction test succeeded.
Running transaction
  Preparing        :                                                                                                         1/1 
  Installing       : elrepo-release-8.3-1.el8.elrepo.noarch                                                                  1/1 
  Verifying        : elrepo-release-8.3-1.el8.elrepo.noarch                                                                  1/1 

Installed:
  elrepo-release-8.3-1.el8.elrepo.noarch                                                                                         

Complete!
[vagrant@localhost ~]$ sudo yum --enablerepo elrepo-kernel install kernel-ml -y
Failed to set locale, defaulting to C.UTF-8
ELRepo.org Community Enterprise Linux Repository - el8                                           683  B/s | 242 kB     06:03    
ELRepo.org Community Enterprise Linux Kernel Repository - el8                                    5.9 kB/s | 2.1 MB     06:03    
Dependencies resolved.
=================================================================================================================================
 Package                           Architecture           Version                            Repository                     Size
=================================================================================================================================
Installing:
 kernel-ml                         x86_64                 6.1.5-1.el8.elrepo                 elrepo-kernel                  98 k
Installing dependencies:
 kernel-ml-core                    x86_64                 6.1.5-1.el8.elrepo                 elrepo-kernel                  34 M
 kernel-ml-modules                 x86_64                 6.1.5-1.el8.elrepo                 elrepo-kernel                  30 M

Transaction Summary
=================================================================================================================================
Install  3 Packages

Total download size: 64 M
Installed size: 100 M
Downloading Packages:
(1/3): kernel-ml-6.1.5-1.el8.elrepo.x86_64.rpm                                                    60 kB/s |  98 kB     00:01    
(2/3): kernel-ml-core-6.1.5-1.el8.elrepo.x86_64.rpm                                              1.5 MB/s |  34 MB     00:22    
(3/3): kernel-ml-modules-6.1.5-1.el8.elrepo.x86_64.rpm                                           1.1 MB/s |  30 MB     00:25    
---------------------------------------------------------------------------------------------------------------------------------
Total                                                                                            170 kB/s |  64 MB     06:26     
warning: /var/cache/dnf/elrepo-kernel-e80375c2d5802dd1/packages/kernel-ml-6.1.5-1.el8.elrepo.x86_64.rpm: Header V4 DSA/SHA256 Signature, key ID baadae52: NOKEY
ELRepo.org Community Enterprise Linux Kernel Repository - el8                                    1.6 MB/s | 1.7 kB     00:00    
Importing GPG key 0xBAADAE52:
 Userid     : "elrepo.org (RPM Signing Key for elrepo.org) <secure@elrepo.org>"
 Fingerprint: 96C0 104F 6315 4731 1E0B B1AE 309B C305 BAAD AE52
 From       : /etc/pki/rpm-gpg/RPM-GPG-KEY-elrepo.org
Key imported successfully
Running transaction check
Transaction check succeeded.
Running transaction test
Transaction test succeeded.
Running transaction
  Preparing        :                                                                                                         1/1 
  Installing       : kernel-ml-core-6.1.5-1.el8.elrepo.x86_64                                                                1/3 
  Running scriptlet: kernel-ml-core-6.1.5-1.el8.elrepo.x86_64                                                                1/3 
  Installing       : kernel-ml-modules-6.1.5-1.el8.elrepo.x86_64                                                             2/3 
  Running scriptlet: kernel-ml-modules-6.1.5-1.el8.elrepo.x86_64                                                             2/3 
  Installing       : kernel-ml-6.1.5-1.el8.elrepo.x86_64                                                                     3/3 
  Running scriptlet: kernel-ml-core-6.1.5-1.el8.elrepo.x86_64                                                                3/3 
  Running scriptlet: kernel-ml-6.1.5-1.el8.elrepo.x86_64                                                                     3/3 
  Verifying        : kernel-ml-6.1.5-1.el8.elrepo.x86_64                                                                     1/3 
  Verifying        : kernel-ml-core-6.1.5-1.el8.elrepo.x86_64                                                                2/3 
  Verifying        : kernel-ml-modules-6.1.5-1.el8.elrepo.x86_64                                                             3/3 

Installed:
  kernel-ml-6.1.5-1.el8.elrepo.x86_64   kernel-ml-core-6.1.5-1.el8.elrepo.x86_64   kernel-ml-modules-6.1.5-1.el8.elrepo.x86_64  

Complete!
[vagrant@localhost ~]$ sudo vim /etc/grub
grub2.cfg  grub.d/    
[vagrant@localhost ~]$ sudo vim /etc/grub2.cfg 
sudo: vim: command not found
[vagrant@localhost ~]$ sudo vi /etc/grub2.cfg 
[vagrant@localhost ~]$ sudo grub2-mkconfig -o /boot/grub2/grub.cfg
Generating grub configuration file ...
done
[vagrant@localhost ~]$ sudo vi /boot/grub2/grub.cfg
[vagrant@localhost ~]$ sudo reboot
Connection to 127.0.0.1 closed by remote host.
Connection to 127.0.0.1 closed.
dinsul@Dinsul-MacBookAir:~/projects/otus_linux-hw_01$ vagrant ssh
Last login: Fri Jan 13 13:53:35 2023 from 10.0.2.2
[vagrant@kernel-update ~]$ uname -msr
Linux 6.1.5-1.el8.elrepo.x86_64 x86_64
[vagrant@kernel-update ~]$ 
